D:\html\git_challenge>git commit -m "1st commit"
[main (root-commit) 754e746] 1st commit
 1 file changed, 1 insertion(+)
 create mode 100644 hello_world.txt

D:\html\git_challenge>git status
On branch main
nothing to commit, working tree clean

D:\html\git_challenge>git commit -m "2nd commit"
On branch main
Changes not staged for commit:
  (use "git add <file>..." to update what will be committed)
  (use "git restore <file>..." to discard changes in working directory)
        modified:   hello_world.txt

no changes added to commit (use "git add" and/or "git commit -a")

D:\html\git_challenge>git log --oneline
754e746 (HEAD -> main) 1st commit

D:\html\git_challenge>git add .

D:\html\git_challenge>git commit -m "2nd commit"
[main f07287c] 2nd commit
 1 file changed, 2 insertions(+), 1 deletion(-)

D:\html\git_challenge>git log --oneline
f07287c (HEAD -> main) 2nd commit
754e746 1st commit